app/categories/page.tsx(7,37): error TS2307: Cannot find module '@/hooks/useEventsByCategory' or its corresponding type declarations.
app/categories/page.tsx(137,36): error TS7006: Parameter 'event' implicitly has an 'any' type.
app/user/page.tsx(55,17): error TS2322: Type '{ type: string; label: string; amount: number; }[]' is not assignable to type 'Transaction[]'.
  Type '{ type: string; label: string; amount: number; }' is not assignable to type 'Transaction'.
    Types of property 'type' are incompatible.
      Type 'string' is not assignable to type '"purchase" | "topup"'.
components/admin/Charts.tsx(62,15): error TS2322: Type '(value: number) => [string, "Revenue"]' is not assignable to type 'Formatter<number, "Revenue">'.
  Types of parameters 'value' and 'value' are incompatible.
    Type 'number | undefined' is not assignable to type 'number'.
      Type 'undefined' is not assignable to type 'number'.
components/admin/Dashboard.tsx(45,137): error TS2322: Type 'string' is not assignable to type 'number'.
components/admin/Dashboard.tsx(45,153): error TS2322: Type '"Confirmed"' is not assignable to type 'BookingStatus'.
components/admin/Dashboard.tsx(46,132): error TS2322: Type 'string' is not assignable to type 'number'.
components/admin/Dashboard.tsx(46,148): error TS2322: Type '"Pending"' is not assignable to type 'BookingStatus'.
components/admin/Dashboard.tsx(47,133): error TS2322: Type 'string' is not assignable to type 'number'.
components/admin/Dashboard.tsx(47,148): error TS2322: Type '"Confirmed"' is not assignable to type 'BookingStatus'.
components/admin/Dashboard.tsx(48,129): error TS2322: Type 'string' is not assignable to type 'number'.
components/admin/Dashboard.tsx(48,145): error TS2322: Type '"Cancelled"' is not assignable to type 'BookingStatus'.
components/foxer/Navbar.tsx(121,47): error TS2339: Property 'avatar' does not exist on type 'User'.
components/foxer/Sidebar.tsx(140,41): error TS2339: Property 'avatar' does not exist on type 'User'.
components/users/UserMenuButton.tsx(168,47): error TS2339: Property 'isAction' does not exist on type '{ label: string; icon: ForwardRefExoticComponent<Omit<LucideProps, "ref"> & RefAttributes<SVGSVGElement>>; href: string; } | { ...; } | { ...; }'.
  Property 'isAction' does not exist on type '{ label: string; icon: ForwardRefExoticComponent<Omit<LucideProps, "ref"> & RefAttributes<SVGSVGElement>>; href: string; }'.
components/users/UserMenuButton.tsx(177,27): error TS2339: Property 'description' does not exist on type '{ label: string; icon: ForwardRefExoticComponent<Omit<LucideProps, "ref"> & RefAttributes<SVGSVGElement>>; href: string; } | { ...; } | { ...; }'.
  Property 'description' does not exist on type '{ label: string; icon: ForwardRefExoticComponent<Omit<LucideProps, "ref"> & RefAttributes<SVGSVGElement>>; href: string; }'.
components/users/UserMenuButton.tsx(179,31): error TS2339: Property 'description' does not exist on type '{ label: string; icon: ForwardRefExoticComponent<Omit<LucideProps, "ref"> & RefAttributes<SVGSVGElement>>; href: string; } | { ...; } | { ...; }'.
  Property 'description' does not exist on type '{ label: string; icon: ForwardRefExoticComponent<Omit<LucideProps, "ref"> & RefAttributes<SVGSVGElement>>; href: string; }'.
components/users/UserMenuButton.tsx(185,25): error TS2339: Property 'hasImage' does not exist on type '{ label: string; icon: ForwardRefExoticComponent<Omit<LucideProps, "ref"> & RefAttributes<SVGSVGElement>>; href: string; } | { ...; } | { ...; }'.
  Property 'hasImage' does not exist on type '{ label: string; icon: ForwardRefExoticComponent<Omit<LucideProps, "ref"> & RefAttributes<SVGSVGElement>>; href: string; }'.
components/venue/VenueMap.tsx(140,5): error TS2304: Cannot find name 'router'.
hooks/auth/useAuth.ts(7,30): error TS2307: Cannot find module '../store/useAuthStore' or its corresponding type declarations.
hooks/auth/useAuth.ts(8,47): error TS2307: Cannot find module '../lib/schema' or its corresponding type declarations.
hooks/auth/useAuth.ts(9,31): error TS2307: Cannot find module '../types/auth' or its corresponding type declarations.
hooks/auth/useAuth.ts(10,24): error TS2307: Cannot find module '../lib/config' or its corresponding type declarations.
hooks/dashboards/useHostDashboard.ts(28,36): error TS2339: Property 'userId' does not exist on type 'User'.
hooks/ui/useNavbar.ts(3,30): error TS2307: Cannot find module '../store/useAuthStore' or its corresponding type declarations.
hooks/venues/useVenueMapLogic.ts(3,24): error TS2307: Cannot find module '@/src/config' or its corresponding type declarations.
lib/gamification.ts(74,14): error TS7053: Element implicitly has an 'any' type because expression of type 'number' can't be used to index type '{ 1: string; 5: string; 10: string; 15: string; 20: string; } | { 1: string; 5: string; 10: string; 15: string; 20: string; } | { 1: string; 3: string; 7: string; 12: string; 18: string; } | { 1: string; 3: string; 6: string; 10: string; 15: string; }'.
  No index signature with a parameter of type 'number' was found on type '{ 1: string; 5: string; 10: string; 15: string; 20: string; } | { 1: string; 5: string; 10: string; 15: string; 20: string; } | { 1: string; 3: string; 7: string; 12: string; 18: string; } | { 1: string; 3: string; 6: string; 10: string; 15: string; }'.
